make[1]: Entering directory '/tmp/android_kernel_YUREKA2-4.19/out'
  GEN     ./Makefile
scripts/kconfig/conf  --syncconfig Kconfig
  GEN     ./Makefile
-- KernelSU version: 12020
-- KernelSU Manager signature size: 0x033b
-- KernelSU Manager signature hash: c371061b19d8c7d7d6133c6a9bafe198fa944e50c1b31c9d8daa8d7f1fc2d2d6
  Using .. as source for kernel
  CC      scripts/mod/empty.o
  CC      scripts/mod/devicetable-offsets.s
  MKELF   scripts/mod/elfconfig.h
  HOSTCC  scripts/mod/modpost.o
  HOSTCC  scripts/mod/file2alias.o
  HOSTCC  scripts/mod/sumversion.o
  CC      kernel/bounds.s
  HOSTLD  scripts/mod/modpost
  CC      arch/arm64/kernel/asm-offsets.s
  CALL    ../scripts/checksyscalls.sh
  LDS     arch/arm64/kernel/vdso/vdso.lds
  CC      arch/arm64/kernel/vdso/vgettimeofday.o
  AS      arch/arm64/kernel/vdso/note.o
  AS      arch/arm64/kernel/vdso/sigreturn.o
  LD      arch/arm64/kernel/vdso/vdso.so.dbg
  VDSOSYM include/generated/vdso-offsets.h
  LDS     arch/arm64/kernel/vdso32/vdso.lds
  CC32    arch/arm64/kernel/vdso32/note.o
  CC32    arch/arm64/kernel/vdso32/vgettimeofday.o
  AS32    arch/arm64/kernel/vdso32/sigreturn.o
  LD32    arch/arm64/kernel/vdso32/vdso.so.raw
  MUNGE   arch/arm64/kernel/vdso32/vdso.so.dbg
  VDSOSYM include/generated/vdso32-offsets.h
  CC      init/main.o
  CHK     include/generated/compile.h
  AS      usr/initramfs_data.o
  CC      init/do_mounts.o
  CC      init/do_mounts_rd.o
  CC      init/do_mounts_initrd.o
  AR      usr/built-in.a
  CC      init/do_mounts_dm.o
  UPD     include/generated/compile.h
  CC      init/noinitramfs.o
  CC      arch/arm64/kernel/debug-monitors.o
  CC      arch/arm64/mm/dma-mapping.o
  AS      arch/arm64/kernel/entry.o
  CC      init/initramfs.o
  CC      arch/arm64/kernel/irq.o
  CC      init/calibrate.o
  CC      arch/arm64/net/bpf_jit_comp.o
  CC      init/init_task.o
  CC      arch/arm64/mm/extable.o
  CC      arch/arm64/kernel/fpsimd.o
  AS      arch/arm64/kernel/entry-fpsimd.o
  CC      arch/arm64/crypto/sha1-ce-glue.o
  CC      arch/arm64/mm/fault.o
  AS      arch/arm64/crypto/sha1-ce-core.o
  CC      arch/arm64/kernel/process.o
  CC      kernel/fork.o
  CC      kernel/exec_domain.o
  CC      init/version.o
  CC      arch/arm64/crypto/sha2-ce-glue.o
  AR      arch/arm64/net/built-in.a
  CC      kernel/panic.o
  AR      init/built-in.a
  CC      arch/arm64/kernel/ptrace.o
  CC      arch/arm64/mm/init.o
  AS      arch/arm64/crypto/sha2-ce-core.o
  CC      arch/arm64/kernel/setup.o
  CC      certs/system_keyring.o
  CC      arch/arm64/crypto/ghash-ce-glue.o
  CC      kernel/cpu.o
  AS      certs/system_certificates.o
  AR      certs/built-in.a
  AS      arch/arm64/mm/cache.o
  CC      arch/arm64/mm/copypage.o
  CC      arch/arm64/kernel/signal.o
  CC      mm/filemap.o
  AS      arch/arm64/crypto/ghash-ce-core.o
  CC      fs/open.o
  AS      arch/arm64/crypto/aes-ce-core.o
  CC      arch/arm64/crypto/aes-ce-glue.o
  CC      kernel/exit.o
  CC      fs/read_write.o
  CC      arch/arm64/mm/flush.o
  CC      arch/arm64/crypto/aes-ce-ccm-glue.o
  CC      fs/file_table.o
  CC      arch/arm64/mm/ioremap.o
  CC      arch/arm64/kernel/sys.o
  CC      kernel/softirq.o
  AS      arch/arm64/crypto/aes-ce-ccm-core.o
  CC      arch/arm64/crypto/aes-glue-ce.o
  CC      mm/mempool.o
  CC      fs/super.o
  CC      arch/arm64/mm/mmap.o
  CC      arch/arm64/kernel/stacktrace.o
  CC      security/integrity/iint.o
  CC      security/integrity/integrity_audit.o
  CC      arch/arm64/mm/pgd.o
  AS      arch/arm64/crypto/aes-ce.o
  CC      kernel/resource.o
  CC      arch/arm64/crypto/aes-glue-neon.o
  AR      security/integrity/built-in.a
  CC      security/keys/gc.o
  CC      arch/arm64/kernel/time.o
  CC      mm/oom_kill.o
  CC      arch/arm64/mm/mmu.o
  CC      fs/char_dev.o
  CC      security/keys/key.o
  CC      kernel/sysctl.o
  CC      arch/arm64/kernel/vdso.o
  AS      arch/arm64/crypto/aes-neon.o
  CC      arch/arm64/crypto/sha256-glue.o
  AR      security/keys/built-in.a
  CC      arch/arm64/kernel/signal32.o
  CC      security/selinux/hooks.o
  CC      arch/arm64/mm/context.o
  CC      fs/stat.o
  CC      mm/fadvise.o
  AS      arch/arm64/crypto/sha256-core.o
  AS      arch/arm64/crypto/aes-cipher-core.o
  CC      arch/arm64/crypto/aes-cipher-glue.o
  AS      arch/arm64/mm/proc.o
  CC      arch/arm64/mm/pageattr.o
  AR      arch/arm64/crypto/built-in.a
  CC      mm/maccess.o
  OBJCOPY arch/arm64/kernel/vdso/vdso.so
  AS      arch/arm64/kernel/vdso/vdso.o
  AR      arch/arm64/kernel/vdso/built-in.a
  CC      kernel/sysctl_binary.o
  CC      fs/exec.o
  CC      security/smack/smack_lsm.o
  AR      arch/arm64/mm/built-in.a
  OBJCOPY arch/arm64/kernel/vdso32/vdso.so
  AS      arch/arm64/kernel/vdso32/vdso.o
  AR      arch/arm64/kernel/vdso32/built-in.a
  AR      arch/arm64/kernel/built-in.a
  CC      security/commoncap.o
  AR      mm/built-in.a
  CC      security/smack/smack_access.o
  CC      kernel/capability.o
-- KernelSU version: 12020
-- KernelSU Manager signature size: 0x033b
-- KernelSU Manager signature hash: c371061b19d8c7d7d6133c6a9bafe198fa944e50c1b31c9d8daa8d7f1fc2d2d6
  CC      drivers/kernelsu/core_hook.o
  AR      security/selinux/built-in.a
  CC      security/smack/smackfs.o
  CC      security/security.o
  CC      kernel/user.o
  CC      fs/ioctl.o
  AR      drivers/kernelsu/built-in.a
  CC      net/core/xdp.o
  CC      kernel/bpf/syscall.o
  AR      security/smack/built-in.a
  CC      kernel/bpf/verifier.o
  AR      security/built-in.a
  AR      net/core/built-in.a
  CC      lib/mpi/generic_mpih-mul1.o
  CC      lib/mpi/generic_mpih-mul2.o
  AR      fs/built-in.a
  CC      drivers/net/loopback.o
  CC      kernel/bpf/helpers.o
  CC      lib/mpi/generic_mpih-mul3.o
  CC      lib/mpi/generic_mpih-sub1.o
  CC      lib/mpi/generic_mpih-add1.o
  CC      lib/mpi/mpi-bit.o
  CC      kernel/bpf/hashtab.o
  AR      drivers/net/built-in.a
  CC      kernel/bpf/arraymap.o
  CC      lib/mpi/mpih-div.o
  AR      net/built-in.a
  CC      lib/mpi/mpih-mul.o
  CC      lib/mpi/mpi-pow.o
  CC      kernel/bpf/trampoline.o
  AR      lib/mpi/built-in.a
  CHK     kernel/kheaders_data.tar.xz
  CC      lib/sha1.o
  GEN     kernel/kheaders_data.tar.xz
  AR      lib/lib.a
  EXPORTS lib/lib-ksyms.o
  AR      lib/built-in.a
  AR      drivers/built-in.a
  AR      kernel/bpf/built-in.a
  CC      kernel/kheaders.o
  AR      kernel/built-in.a
  GEN     .version
  CHK     include/generated/compile.h
  UPD     include/generated/compile.h
  CC      init/version.o
  AR      init/built-in.a
  AR      built-in.a
  MODPOST vmlinux.o
  KSYM    .tmp_kallsyms1.o
  KSYM    .tmp_kallsyms2.o
  LD      vmlinux
  SORTEX  vmlinux
  SYSMAP  System.map
  OBJCOPY arch/arm64/boot/Image
  Building modules, stage 2.
  MODPOST 0 modules
  GZIP    arch/arm64/boot/Image.gz
  DTC     arch/arm64/boot/dts/vendor/qcom/msm8953-qrd-sku3-wt89536.dtb
  CAT     arch/arm64/boot/Image.gz-dtb
make[1]: Leaving directory '/tmp/android_kernel_YUREKA2-4.19/out'
